node.exe : C:\Users\donate\Doc
uments\PROJECTS\busines menage
ment\inventory-system\node_mod
ules\@prisma\client\src\runtim
e\getPrismaClient.ts:320
At C:\Program 
Files\nodejs\npx.ps1:29 char:3
+   & $NODE_EXE $NPX_CLI_JS 
$args
+   
~~~~~~~~~~~~~~~~~~~~~~~~~~~~~
    + CategoryInfo          : 
    NotSpecified: (C:\Users\  
  donate...maClient.ts:320:   
 String) [], RemoteExcepti    
on
    + FullyQualifiedErrorId : 
    NativeCommandError
 
        throw new PrismaClient
InitializationError(
              ^


PrismaClientInitializationErro
r: `PrismaClient` needs to be 
constructed with a non-empty, 
valid `PrismaClientOptions`:

```
new PrismaClient({
  ...
})
```

or

```
constructor() {
  super({ ... });
}
```
          
    at new t (C:\Users\donate\
Documents\PROJECTS\busines men
agement\inventory-system\node_
modules\@prisma\client\src\run
time\getPrismaClient.ts:320:15
)
    at <anonymous> (C:\Users\d
onate\Documents\PROJECTS\busin
es menagement\inventory-system
\scripts\test-db.ts:3:16)
    at Object.<anonymous> (C:\
Users\donate\Documents\PROJECT
S\busines menagement\inventory
-system\scripts\test-db.ts:13:
63)
    at Module._compile (node:i
nternal/modules/cjs/loader:156
5:14)
    at Object.transformer (C:\
Users\donate\AppData\Local\npm
-cache\_npx\fd45a72a545557e9\n
ode_modules\tsx\dist\register-
D46fvsV_.cjs:3:1104)
    at Module.load (node:inter
nal/modules/cjs/loader:1318:32
)
    at Function._load (node:in
ternal/modules/cjs/loader:1128
:12)
    at 
TracingChannel.traceSync (node
:diagnostics_channel:322:14)
    at wrapModuleLoad (node:in
ternal/modules/cjs/loader:219:
24)
    at cjsLoader (node:interna
l/modules/esm/translators:263:
5) {
  clientVersion: '7.6.0',
  errorCode: undefined,
  retryable: undefined
}

Node.js v22.12.0
